Using device: cuda
Resuming from /work/formation/tpirtmntll/checkpoints/last (step 3650)
Modality projector used: baseline
Model: 460,051,584 parameters
Loading cached train dataset from /tmpdir/tpirtmntll/dataset/train_shuffled
Loading cached val dataset from /tmpdir/tpirtmntll/dataset/val
skipping the data seen in previous trainings : 467200 samples
train datasets created : 918404 train samples
val datasets created : 346379 val samples
Training for 11000 optimiser steps (gradient_accumulation=16)
Starting training : 3650 / 7176
step  3655 | loss 1.3971e+00 | 170.4s
step  3660 | loss 6.8271e-01 | 309.3s
step  3665 | loss 8.5892e-01 | 506.4s
step  3670 | loss 1.0942e+00 | 680.3s
step  3675 | loss 1.0200e+00 | 837.8s
step  3675 | val_loss 2.8341e-01
Model saved to /work/formation/tpirtmntll/checkpoints/last_tmp
  → saved last checkpoint to /work/formation/tpirtmntll/checkpoints/last
step  3680 | loss 4.3520e-01 | 1069.2s
step  3685 | loss 7.6320e-01 | 1252.8s
step  3690 | loss 8.1672e-01 | 1362.3s
step  3695 | loss 9.8138e-01 | 1536.5s
step  3700 | loss 9.4419e-01 | 1705.1s
step  3700 | val_loss 2.7894e-01
Model saved to /work/formation/tpirtmntll/checkpoints/last_tmp
  → saved last checkpoint to /work/formation/tpirtmntll/checkpoints/last
step  3705 | loss 5.5760e-01 | 1845.2s
step  3710 | loss 9.5488e-01 | 2018.8s
step  3715 | loss 8.7861e-01 | 2223.0s
step  3720 | loss 5.6605e-01 | 2441.1s
step  3725 | loss 1.1115e+00 | 2613.6s
step  3725 | val_loss 2.7745e-01
Model saved to /work/formation/tpirtmntll/checkpoints/last_tmp
  → saved last checkpoint to /work/formation/tpirtmntll/checkpoints/last
step  3730 | loss 6.5460e-01 | 2809.1s
step  3735 | loss 8.8143e-01 | 3057.2s
step  3740 | loss 8.4019e-01 | 3239.1s
step  3745 | loss 1.1567e+00 | 3466.4s
step  3750 | loss 5.1456e-01 | 3680.3s
step  3750 | val_loss 2.7961e-01
Model saved to /work/formation/tpirtmntll/checkpoints/last_tmp
  → saved last checkpoint to /work/formation/tpirtmntll/checkpoints/last
step  3755 | loss 1.8808e+00 | 3881.1s
step  3760 | loss 7.6296e-01 | 4153.8s
step  3765 | loss 1.1308e+00 | 4334.3s
step  3770 | loss 2.1724e-01 | 4494.5s
step  3775 | loss 1.1568e+00 | 4641.5s
step  3775 | val_loss 2.7888e-01
Model saved to /work/formation/tpirtmntll/checkpoints/last_tmp
  → saved last checkpoint to /work/formation/tpirtmntll/checkpoints/last
step  3780 | loss 9.7338e-01 | 4850.5s
step  3785 | loss 1.1265e+00 | 5061.8s
step  3790 | loss 8.5216e-01 | 5282.5s
step  3795 | loss 1.2479e+00 | 5474.1s
step  3800 | loss 1.3586e+00 | 5764.2s
step  3800 | val_loss 2.7809e-01
Model saved to /work/formation/tpirtmntll/checkpoints/last_tmp
  → saved last checkpoint to /work/formation/tpirtmntll/checkpoints/last
step  3805 | loss 1.0950e+00 | 5930.0s
step  3810 | loss 1.1114e+00 | 6069.6s
step  3815 | loss 5.9746e-01 | 6217.6s
step  3820 | loss 8.4451e-01 | 6457.2s
step  3825 | loss 7.7464e-01 | 6636.5s
step  3825 | val_loss 2.7886e-01
Model saved to /work/formation/tpirtmntll/checkpoints/last_tmp
  → saved last checkpoint to /work/formation/tpirtmntll/checkpoints/last
step  3830 | loss 1.1992e+00 | 6819.9s
step  3835 | loss 7.1542e-01 | 6980.2s
step  3840 | loss 1.2147e+00 | 7132.8s
step  3845 | loss 9.7757e-01 | 7349.0s
step  3850 | loss 5.2547e-01 | 7572.6s
step  3850 | val_loss 2.8096e-01
Model saved to /work/formation/tpirtmntll/checkpoints/last_tmp
  → saved last checkpoint to /work/formation/tpirtmntll/checkpoints/last
step  3855 | loss 1.1312e+00 | 7828.9s
step  3860 | loss 6.6923e-01 | 8087.6s
step  3865 | loss 2.4932e-01 | 8258.2s
step  3870 | loss 5.3023e-01 | 8422.1s
step  3875 | loss 2.7858e-01 | 8636.8s
step  3875 | val_loss 2.7838e-01
Model saved to /work/formation/tpirtmntll/checkpoints/last_tmp
  → saved last checkpoint to /work/formation/tpirtmntll/checkpoints/last
step  3880 | loss 7.8885e-01 | 8795.8s
step  3885 | loss 8.5036e-01 | 9053.4s
step  3890 | loss 3.5532e-01 | 9212.7s
step  3895 | loss 1.4078e+00 | 9441.2s
step  3900 | loss 7.6323e-01 | 9636.5s
step  3900 | val_loss 2.8233e-01
Model saved to /work/formation/tpirtmntll/checkpoints/last_tmp
  → saved last checkpoint to /work/formation/tpirtmntll/checkpoints/last
step  3905 | loss 1.1194e+00 | 9817.6s
step  3910 | loss 8.7353e-01 | 10020.4s
step  3915 | loss 1.3643e+00 | 10214.5s
step  3920 | loss 1.1015e+00 | 10375.1s
step  3925 | loss 1.3753e+00 | 10557.9s
step  3925 | val_loss 2.8259e-01
Model saved to /work/formation/tpirtmntll/checkpoints/last_tmp
  → saved last checkpoint to /work/formation/tpirtmntll/checkpoints/last
step  3930 | loss 1.1175e+00 | 10698.7s
step  3935 | loss 2.1462e+00 | 10804.2s
step  3940 | loss 1.0993e+00 | 11030.4s
step  3945 | loss 6.2976e-01 | 11209.0s
step  3950 | loss 3.1123e-01 | 11393.7s
step  3950 | val_loss 2.8162e-01
Model saved to /work/formation/tpirtmntll/checkpoints/last_tmp
  → saved last checkpoint to /work/formation/tpirtmntll/checkpoints/last
step  3955 | loss 9.0408e-01 | 11556.2s
step  3960 | loss 8.2024e-01 | 11726.8s
step  3965 | loss 6.5575e-01 | 11994.8s
step  3970 | loss 8.4479e-01 | 12152.3s
step  3975 | loss 8.4001e-01 | 12362.0s
step  3975 | val_loss 2.7928e-01
Model saved to /work/formation/tpirtmntll/checkpoints/last_tmp
  → saved last checkpoint to /work/formation/tpirtmntll/checkpoints/last
step  3980 | loss 7.8234e-01 | 12528.4s
step  3985 | loss 7.3707e-01 | 12773.2s
step  3990 | loss 1.1139e+00 | 12997.8s
step  3995 | loss 6.3177e-01 | 13145.5s
step  4000 | loss 9.2690e-01 | 13358.1s
step  4000 | val_loss 2.7707e-01
Model saved to /work/formation/tpirtmntll/checkpoints/last_tmp
  → saved last checkpoint to /work/formation/tpirtmntll/checkpoints/last
Model saved to /work/formation/tpirtmntll/checkpoints/best_tmp
  → new best checkpoint saved to /work/formation/tpirtmntll/checkpoints/best
step  4005 | loss 5.1130e-01 | 13638.1s
step  4010 | loss 1.1119e+00 | 13829.7s
step  4015 | loss 9.7663e-01 | 14000.6s
step  4020 | loss 1.2246e+00 | 14179.6s
step  4025 | loss 1.0366e+00 | 14284.0s
step  4025 | val_loss 2.7879e-01
Model saved to /work/formation/tpirtmntll/checkpoints/last_tmp
  → saved last checkpoint to /work/formation/tpirtmntll/checkpoints/last
step  4030 | loss 4.8237e-01 | 14465.6s
step  4035 | loss 2.9215e-01 | 14671.0s
step  4040 | loss 5.1475e-01 | 14860.4s
step  4045 | loss 3.6112e-01 | 15071.9s
step  4050 | loss 6.5035e-01 | 15330.2s
step  4050 | val_loss 2.8363e-01
Model saved to /work/formation/tpirtmntll/checkpoints/last_tmp
  → saved last checkpoint to /work/formation/tpirtmntll/checkpoints/last
step  4055 | loss 9.5270e-01 | 15521.8s
step  4060 | loss 3.3539e-01 | 15786.1s
step  4065 | loss 9.7311e-01 | 15988.7s
step  4070 | loss 9.7431e-01 | 16115.2s
step  4075 | loss 8.2839e-01 | 16329.6s
step  4075 | val_loss 2.8273e-01
Model saved to /work/formation/tpirtmntll/checkpoints/last_tmp
  → saved last checkpoint to /work/formation/tpirtmntll/checkpoints/last
step  4080 | loss 1.1259e+00 | 16506.9s
step  4085 | loss 1.3245e+00 | 16639.5s
step  4090 | loss 1.4044e+00 | 16883.1s
step  4095 | loss 1.4149e+00 | 17113.0s
step  4100 | loss 1.1361e+00 | 17273.9s
step  4100 | val_loss 2.8185e-01
Model saved to /work/formation/tpirtmntll/checkpoints/last_tmp
  → saved last checkpoint to /work/formation/tpirtmntll/checkpoints/last
step  4105 | loss 9.0528e-01 | 17471.0s
step  4110 | loss 1.1777e+00 | 17650.1s
step  4115 | loss 4.9208e-01 | 17789.7s
step  4120 | loss 4.6748e-01 | 17994.2s
step  4125 | loss 2.4777e-01 | 18224.6s
step  4125 | val_loss 2.8282e-01
Model saved to /work/formation/tpirtmntll/checkpoints/last_tmp
  → saved last checkpoint to /work/formation/tpirtmntll/checkpoints/last
step  4130 | loss 4.9920e-01 | 18408.8s
step  4135 | loss 9.1857e-01 | 18620.9s
step  4140 | loss 1.2877e+00 | 18874.5s
step  4145 | loss 5.0972e-01 | 19091.6s
step  4150 | loss 5.2395e-01 | 19342.7s
step  4150 | val_loss 2.8441e-01
Model saved to /work/formation/tpirtmntll/checkpoints/last_tmp
  → saved last checkpoint to /work/formation/tpirtmntll/checkpoints/last
step  4155 | loss 9.0222e-01 | 19484.0s
step  4160 | loss 1.0187e+00 | 19653.2s
step  4165 | loss 9.7694e-01 | 19804.4s
step  4170 | loss 6.7365e-01 | 19963.9s
step  4175 | loss 1.5711e+00 | 20124.8s
step  4175 | val_loss 2.7852e-01
Model saved to /work/formation/tpirtmntll/checkpoints/last_tmp
  → saved last checkpoint to /work/formation/tpirtmntll/checkpoints/last
step  4180 | loss 8.4194e-01 | 20315.1s
step  4185 | loss 5.6755e-01 | 20426.0s
step  4190 | loss 1.4623e+00 | 20611.5s
step  4195 | loss 7.1557e-01 | 20787.5s
step  4200 | loss 1.3079e+00 | 21008.4s
step  4200 | val_loss 2.8062e-01
Model saved to /work/formation/tpirtmntll/checkpoints/last_tmp
  → saved last checkpoint to /work/formation/tpirtmntll/checkpoints/last
step  4205 | loss 7.8558e-01 | 21161.7s
step  4210 | loss 7.1897e-01 | 21400.0s
step  4215 | loss 6.3631e-01 | 21571.5s
step  4220 | loss 3.6452e-01 | 21829.3s
step  4225 | loss 5.5033e-01 | 22144.4s
step  4225 | val_loss 2.7904e-01
Model saved to /work/formation/tpirtmntll/checkpoints/last_tmp
  → saved last checkpoint to /work/formation/tpirtmntll/checkpoints/last
step  4230 | loss 9.8450e-01 | 22347.2s
step  4235 | loss 7.7180e-01 | 22521.4s
step  4240 | loss 8.0710e-01 | 22818.4s
step  4245 | loss 9.6900e-01 | 22934.9s
step  4250 | loss 1.2691e+00 | 23198.0s
step  4250 | val_loss 2.7883e-01
Model saved to /work/formation/tpirtmntll/checkpoints/last_tmp
  → saved last checkpoint to /work/formation/tpirtmntll/checkpoints/last
step  4255 | loss 7.1512e-01 | 23385.0s
step  4260 | loss 8.7152e-01 | 23573.9s
step  4265 | loss 5.7138e-01 | 23779.8s
step  4270 | loss 6.6508e-01 | 23945.7s
step  4275 | loss 5.8535e-01 | 24126.9s
step  4275 | val_loss 2.8509e-01
Model saved to /work/formation/tpirtmntll/checkpoints/last_tmp
  → saved last checkpoint to /work/formation/tpirtmntll/checkpoints/last
step  4280 | loss 1.0681e+00 | 24265.0s
step  4285 | loss 6.0668e-01 | 24437.8s
step  4290 | loss 4.9021e-01 | 24603.3s
step  4295 | loss 1.4399e+00 | 24755.3s
step  4300 | loss 3.7392e-01 | 24942.8s
step  4300 | val_loss 2.7958e-01
Model saved to /work/formation/tpirtmntll/checkpoints/last_tmp
  → saved last checkpoint to /work/formation/tpirtmntll/checkpoints/last
step  4305 | loss 1.1405e+00 | 25150.1s
step  4310 | loss 2.7354e-01 | 25293.7s
step  4315 | loss 6.0098e-01 | 25472.5s
step  4320 | loss 1.7119e+00 | 25693.1s
step  4325 | loss 9.3245e-01 | 25912.1s
step  4325 | val_loss 2.7864e-01
Model saved to /work/formation/tpirtmntll/checkpoints/last_tmp
  → saved last checkpoint to /work/formation/tpirtmntll/checkpoints/last
step  4330 | loss 1.2869e+00 | 26073.6s
step  4335 | loss 9.1744e-01 | 26296.9s
step  4340 | loss 3.5564e-01 | 26577.5s
step  4345 | loss 6.4288e-01 | 26812.4s
step  4350 | loss 7.9727e-01 | 27003.5s
step  4350 | val_loss 2.7864e-01
Model saved to /work/formation/tpirtmntll/checkpoints/last_tmp
  → saved last checkpoint to /work/formation/tpirtmntll/checkpoints/last
step  4355 | loss 1.0301e+00 | 27172.7s
step  4360 | loss 1.6722e+00 | 27346.7s
step  4365 | loss 1.3487e+00 | 27460.7s
step  4370 | loss 1.4157e+00 | 27597.4s
step  4375 | loss 6.4888e-01 | 27824.4s
step  4375 | val_loss 2.7877e-01
Model saved to /work/formation/tpirtmntll/checkpoints/last_tmp
  → saved last checkpoint to /work/formation/tpirtmntll/checkpoints/last
step  4380 | loss 1.0435e+00 | 27997.9s
step  4385 | loss 1.3094e+00 | 28137.6s
step  4390 | loss 4.3029e-01 | 28261.8s
step  4395 | loss 9.4316e-01 | 28468.0s
step  4400 | loss 5.8078e-01 | 28676.1s
