Using device: cuda
No checkpoint found — starting from scratch.
Loaded google/siglip2-base-patch16-512 — 86,433,024 parameters
Extended embeddings: 49152 → 49153
Loaded HuggingFaceTB/SmolLM2-360M-Instruct — 361,822,080 parameters
Modality projector used: cnn
Model: 492,797,568 parameters
Loading cached train dataset from /tmpdir/tpirtmntll/dataset/train_shuffled
Loading cached val dataset from /tmpdir/tpirtmntll/dataset/val
skipping the data seen in previous trainings : 0 samples
train datasets created : 1385604 train samples
val datasets created : 346379 val samples
Training for 11000 optimiser steps (gradient_accumulation=16)
Starting training : 0 / 10826
step     5 | loss 1.8180e+00 | 160.9s
step    10 | loss 1.2435e+00 | 344.7s
step    15 | loss 2.6865e+00 | 556.5s
step    20 | loss 1.2211e+00 | 854.0s
step    25 | loss 1.3450e+00 | 1026.5s
step    25 | val_loss 9.2911e-01
Model saved to /work/formation/tpirtmntll/checkpoints_cnn/last_tmp
  → saved last checkpoint to /work/formation/tpirtmntll/checkpoints_cnn/last
Model saved to /work/formation/tpirtmntll/checkpoints_cnn/best_tmp
  → new best checkpoint saved to /work/formation/tpirtmntll/checkpoints_cnn/best
step    30 | loss 1.2894e+00 | 1201.1s
step    35 | loss 1.4333e+00 | 1415.5s
step    40 | loss 1.0485e+00 | 1734.3s
step    45 | loss 2.3316e+00 | 1937.9s
step    50 | loss 9.8925e-01 | 2082.3s
step    50 | val_loss 6.2894e-01
Model saved to /work/formation/tpirtmntll/checkpoints_cnn/last_tmp
  → saved last checkpoint to /work/formation/tpirtmntll/checkpoints_cnn/last
Model saved to /work/formation/tpirtmntll/checkpoints_cnn/best_tmp
  → new best checkpoint saved to /work/formation/tpirtmntll/checkpoints_cnn/best
step    55 | loss 1.2975e+00 | 2259.9s
step    60 | loss 1.2291e+00 | 2437.4s
step    65 | loss 1.2813e+00 | 2619.4s
step    70 | loss 1.9016e+00 | 2828.0s
step    75 | loss 9.9193e-01 | 3077.7s
step    75 | val_loss 3.4715e-01
Model saved to /work/formation/tpirtmntll/checkpoints_cnn/last_tmp
  → saved last checkpoint to /work/formation/tpirtmntll/checkpoints_cnn/last
Model saved to /work/formation/tpirtmntll/checkpoints_cnn/best_tmp
  → new best checkpoint saved to /work/formation/tpirtmntll/checkpoints_cnn/best
step    80 | loss 1.8057e+00 | 3309.1s
step    85 | loss 1.6342e+00 | 3460.2s
step    90 | loss 2.1183e+00 | 3589.8s
step    95 | loss 1.2939e+00 | 3851.6s
step   100 | loss 1.0204e+00 | 3981.2s
step   100 | val_loss 2.9477e-01
Model saved to /work/formation/tpirtmntll/checkpoints_cnn/last_tmp
  → saved last checkpoint to /work/formation/tpirtmntll/checkpoints_cnn/last
Model saved to /work/formation/tpirtmntll/checkpoints_cnn/best_tmp
  → new best checkpoint saved to /work/formation/tpirtmntll/checkpoints_cnn/best
step   105 | loss 8.7945e-01 | 4136.3s
step   110 | loss 1.4659e+00 | 4312.0s
step   115 | loss 1.1325e+00 | 4554.8s
step   120 | loss 1.1430e+00 | 4707.4s
step   125 | loss 1.3262e+00 | 4904.5s
step   125 | val_loss 2.8773e-01
Model saved to /work/formation/tpirtmntll/checkpoints_cnn/last_tmp
  → saved last checkpoint to /work/formation/tpirtmntll/checkpoints_cnn/last
Model saved to /work/formation/tpirtmntll/checkpoints_cnn/best_tmp
  → new best checkpoint saved to /work/formation/tpirtmntll/checkpoints_cnn/best
step   130 | loss 1.2188e+00 | 5109.6s
step   135 | loss 1.0431e+00 | 5289.0s
step   140 | loss 9.7398e-01 | 5423.2s
step   145 | loss 1.4793e+00 | 5639.4s
step   150 | loss 1.2559e+00 | 5838.7s
step   150 | val_loss 2.8936e-01
Model saved to /work/formation/tpirtmntll/checkpoints_cnn/last_tmp
  → saved last checkpoint to /work/formation/tpirtmntll/checkpoints_cnn/last
step   155 | loss 1.4089e+00 | 5971.0s
step   160 | loss 1.0613e+00 | 6124.4s
step   165 | loss 7.9100e-01 | 6277.1s
step   170 | loss 8.4480e-01 | 6486.6s
step   175 | loss 1.1684e+00 | 6678.5s
step   175 | val_loss 2.9876e-01
Model saved to /work/formation/tpirtmntll/checkpoints_cnn/last_tmp
  → saved last checkpoint to /work/formation/tpirtmntll/checkpoints_cnn/last
step   180 | loss 1.2547e+00 | 6927.7s
step   185 | loss 1.4280e+00 | 7087.8s
step   190 | loss 8.8383e-01 | 7312.5s
step   195 | loss 1.1953e+00 | 7504.4s
step   200 | loss 8.9559e-01 | 7726.6s
step   200 | val_loss 2.8346e-01
Model saved to /work/formation/tpirtmntll/checkpoints_cnn/last_tmp
  → saved last checkpoint to /work/formation/tpirtmntll/checkpoints_cnn/last
Model saved to /work/formation/tpirtmntll/checkpoints_cnn/best_tmp
  → new best checkpoint saved to /work/formation/tpirtmntll/checkpoints_cnn/best
step   205 | loss 9.5890e-01 | 7899.1s
step   210 | loss 1.1665e+00 | 8088.5s
step   215 | loss 1.9442e+00 | 8282.1s
step   220 | loss 1.1982e+00 | 8457.4s
step   225 | loss 1.9287e+00 | 8661.6s
step   225 | val_loss 2.8197e-01
Model saved to /work/formation/tpirtmntll/checkpoints_cnn/last_tmp
  → saved last checkpoint to /work/formation/tpirtmntll/checkpoints_cnn/last
Model saved to /work/formation/tpirtmntll/checkpoints_cnn/best_tmp
  → new best checkpoint saved to /work/formation/tpirtmntll/checkpoints_cnn/best
step   230 | loss 7.2461e-01 | 8864.6s
step   235 | loss 2.1785e+00 | 9022.0s
step   240 | loss 1.1010e+00 | 9251.4s
step   245 | loss 8.5690e-01 | 9434.0s
step   250 | loss 1.2264e+00 | 9633.9s
step   250 | val_loss 2.8866e-01
Model saved to /work/formation/tpirtmntll/checkpoints_cnn/last_tmp
  → saved last checkpoint to /work/formation/tpirtmntll/checkpoints_cnn/last
step   255 | loss 1.3939e+00 | 9836.7s
step   260 | loss 1.0923e+00 | 10017.3s
step   265 | loss 1.1943e+00 | 10275.9s
step   270 | loss 1.1121e+00 | 10474.3s
step   275 | loss 1.6878e+00 | 10635.9s
step   275 | val_loss 2.8384e-01
Model saved to /work/formation/tpirtmntll/checkpoints_cnn/last_tmp
  → saved last checkpoint to /work/formation/tpirtmntll/checkpoints_cnn/last
step   280 | loss 9.4233e-01 | 10837.1s
step   285 | loss 1.3497e+00 | 11028.1s
step   290 | loss 1.2168e+00 | 11257.1s
step   295 | loss 1.4606e+00 | 11392.5s
step   300 | loss 8.3761e-01 | 11585.5s
step   300 | val_loss 2.8212e-01
Model saved to /work/formation/tpirtmntll/checkpoints_cnn/last_tmp
  → saved last checkpoint to /work/formation/tpirtmntll/checkpoints_cnn/last
step   305 | loss 9.9546e-01 | 11740.6s
step   310 | loss 8.7419e-01 | 11948.6s
step   315 | loss 9.3922e-01 | 12137.1s
step   320 | loss 1.6064e+00 | 12306.1s
step   325 | loss 1.6763e+00 | 12491.1s
step   325 | val_loss 2.8304e-01
Model saved to /work/formation/tpirtmntll/checkpoints_cnn/last_tmp
  → saved last checkpoint to /work/formation/tpirtmntll/checkpoints_cnn/last
step   330 | loss 8.6791e-01 | 12721.2s
step   335 | loss 7.5586e-01 | 12870.3s
step   340 | loss 9.6524e-01 | 13047.5s
step   345 | loss 5.0494e-01 | 13244.5s
step   350 | loss 9.9172e-01 | 13442.1s
step   350 | val_loss 2.8043e-01
Model saved to /work/formation/tpirtmntll/checkpoints_cnn/last_tmp
  → saved last checkpoint to /work/formation/tpirtmntll/checkpoints_cnn/last
Model saved to /work/formation/tpirtmntll/checkpoints_cnn/best_tmp
  → new best checkpoint saved to /work/formation/tpirtmntll/checkpoints_cnn/best
step   355 | loss 1.0892e+00 | 13597.7s
step   360 | loss 4.8339e-01 | 13821.1s
step   365 | loss 8.6788e-01 | 14020.5s
step   370 | loss 1.4401e+00 | 14181.0s
step   375 | loss 1.1306e+00 | 14363.6s
step   375 | val_loss 2.8033e-01
Model saved to /work/formation/tpirtmntll/checkpoints_cnn/last_tmp
  → saved last checkpoint to /work/formation/tpirtmntll/checkpoints_cnn/last
Model saved to /work/formation/tpirtmntll/checkpoints_cnn/best_tmp
  → new best checkpoint saved to /work/formation/tpirtmntll/checkpoints_cnn/best
step   380 | loss 7.0404e-01 | 14625.3s
step   385 | loss 8.1029e-01 | 14832.0s
step   390 | loss 1.0666e+00 | 14967.3s
step   395 | loss 1.0437e+00 | 15151.0s
step   400 | loss 6.9553e-01 | 15318.9s
step   400 | val_loss 2.8156e-01
Model saved to /work/formation/tpirtmntll/checkpoints_cnn/last_tmp
  → saved last checkpoint to /work/formation/tpirtmntll/checkpoints_cnn/last
step   405 | loss 1.1598e+00 | 15485.3s
step   410 | loss 1.1665e+00 | 15642.3s
step   415 | loss 5.9977e-01 | 15870.2s
step   420 | loss 1.5661e+00 | 16045.2s
step   425 | loss 1.1360e+00 | 16288.0s
step   425 | val_loss 2.8101e-01
Model saved to /work/formation/tpirtmntll/checkpoints_cnn/last_tmp
  → saved last checkpoint to /work/formation/tpirtmntll/checkpoints_cnn/last
step   430 | loss 1.2285e+00 | 16508.9s
step   435 | loss 8.4114e-01 | 16765.3s
step   440 | loss 1.1375e+00 | 16925.7s
step   445 | loss 7.3112e-01 | 17116.7s
step   450 | loss 7.2000e-01 | 17273.1s
step   450 | val_loss 2.7982e-01
Model saved to /work/formation/tpirtmntll/checkpoints_cnn/last_tmp
  → saved last checkpoint to /work/formation/tpirtmntll/checkpoints_cnn/last
Model saved to /work/formation/tpirtmntll/checkpoints_cnn/best_tmp
  → new best checkpoint saved to /work/formation/tpirtmntll/checkpoints_cnn/best
step   455 | loss 8.1869e-01 | 17487.5s
step   460 | loss 7.3796e-01 | 17741.1s
step   465 | loss 9.7038e-01 | 17995.7s
step   470 | loss 5.8869e-01 | 18147.7s
step   475 | loss 3.8684e-01 | 18308.8s
step   475 | val_loss 2.8379e-01
Model saved to /work/formation/tpirtmntll/checkpoints_cnn/last_tmp
  → saved last checkpoint to /work/formation/tpirtmntll/checkpoints_cnn/last
step   480 | loss 2.0868e+00 | 18523.2s
step   485 | loss 1.2595e+00 | 18682.2s
step   490 | loss 4.8224e-01 | 18911.0s
step   495 | loss 1.1045e+00 | 19130.8s
step   500 | loss 1.2841e+00 | 19330.5s
step   500 | val_loss 2.8254e-01
Model saved to /work/formation/tpirtmntll/checkpoints_cnn/last_tmp
  → saved last checkpoint to /work/formation/tpirtmntll/checkpoints_cnn/last
step   505 | loss 8.6418e-01 | 19526.1s
step   510 | loss 7.7809e-01 | 19698.1s
step   515 | loss 7.9712e-01 | 19844.1s
step   520 | loss 7.4778e-01 | 20026.2s
step   525 | loss 1.0235e+00 | 20275.2s
step   525 | val_loss 2.8103e-01
Model saved to /work/formation/tpirtmntll/checkpoints_cnn/last_tmp
  → saved last checkpoint to /work/formation/tpirtmntll/checkpoints_cnn/last
step   530 | loss 6.4508e-01 | 20467.0s
step   535 | loss 1.2078e+00 | 20619.0s
step   540 | loss 1.1332e+00 | 20932.7s
step   545 | loss 8.7453e-01 | 21209.6s
step   550 | loss 5.4781e-01 | 21393.6s
step   550 | val_loss 2.8257e-01
Model saved to /work/formation/tpirtmntll/checkpoints_cnn/last_tmp
  → saved last checkpoint to /work/formation/tpirtmntll/checkpoints_cnn/last
step   555 | loss 9.5330e-01 | 21564.8s
step   560 | loss 9.9452e-01 | 21789.2s
step   565 | loss 1.1775e+00 | 21905.6s
step   570 | loss 8.8677e-01 | 22099.9s
step   575 | loss 9.0730e-01 | 22374.9s
step   575 | val_loss 2.8596e-01
Model saved to /work/formation/tpirtmntll/checkpoints_cnn/last_tmp
  → saved last checkpoint to /work/formation/tpirtmntll/checkpoints_cnn/last
step   580 | loss 1.4768e+00 | 22547.3s
step   585 | loss 1.6085e+00 | 22745.5s
step   590 | loss 1.2092e+00 | 22877.4s
step   595 | loss 9.1074e-01 | 23098.5s
step   600 | loss 7.4233e-01 | 23303.3s
step   600 | val_loss 2.7994e-01
Model saved to /work/formation/tpirtmntll/checkpoints_cnn/last_tmp
  → saved last checkpoint to /work/formation/tpirtmntll/checkpoints_cnn/last
step   605 | loss 6.0050e-01 | 23562.5s
step   610 | loss 1.1932e+00 | 23754.7s
step   615 | loss 9.6740e-01 | 23890.5s
step   620 | loss 6.3467e-01 | 24146.0s
step   625 | loss 7.6223e-01 | 24360.4s
step   625 | val_loss 2.8891e-01
Model saved to /work/formation/tpirtmntll/checkpoints_cnn/last_tmp
  → saved last checkpoint to /work/formation/tpirtmntll/checkpoints_cnn/last
step   630 | loss 8.8513e-01 | 24574.2s
step   635 | loss 1.1059e+00 | 24770.9s
step   640 | loss 1.2401e+00 | 24961.1s
step   645 | loss 9.6053e-01 | 25166.5s
step   650 | loss 1.4781e+00 | 25362.6s
step   650 | val_loss 2.7882e-01
Model saved to /work/formation/tpirtmntll/checkpoints_cnn/last_tmp
  → saved last checkpoint to /work/formation/tpirtmntll/checkpoints_cnn/last
Model saved to /work/formation/tpirtmntll/checkpoints_cnn/best_tmp
  → new best checkpoint saved to /work/formation/tpirtmntll/checkpoints_cnn/best
step   655 | loss 1.2350e+00 | 25546.5s
step   660 | loss 9.7411e-01 | 25693.7s
step   665 | loss 1.7268e+00 | 25941.7s
step   670 | loss 1.3102e+00 | 26129.4s
step   675 | loss 6.4070e-01 | 26303.9s
step   675 | val_loss 2.8105e-01
Model saved to /work/formation/tpirtmntll/checkpoints_cnn/last_tmp
  → saved last checkpoint to /work/formation/tpirtmntll/checkpoints_cnn/last
step   680 | loss 1.1246e+00 | 26505.6s
step   685 | loss 1.4749e+00 | 26774.8s
step   690 | loss 1.2112e+00 | 26869.6s
step   695 | loss 4.6083e-01 | 27066.0s
step   700 | loss 1.3714e+00 | 27309.6s
step   700 | val_loss 2.8035e-01
Model saved to /work/formation/tpirtmntll/checkpoints_cnn/last_tmp
  → saved last checkpoint to /work/formation/tpirtmntll/checkpoints_cnn/last
step   705 | loss 1.0656e+00 | 27449.8s
step   710 | loss 1.5268e+00 | 27611.1s
step   715 | loss 8.1566e-01 | 27825.5s
step   720 | loss 1.0508e+00 | 28029.4s
step   725 | loss 8.8376e-01 | 28256.5s
