Using device: cuda
Resuming from /work/formation/tpirtmntll/checkpoints/last (step 1450)
Modality projector used: baseline
Model: 460,051,584 parameters
Loading cached train dataset from /tmpdir/tpirtmntll/dataset/train_shuffled
Loading cached val dataset from /tmpdir/tpirtmntll/dataset/val
skipping the data seen in previous trainings : 185600 samples
train datasets created : 1200004 train samples
val datasets created : 346379 val samples
Training for 11000 optimiser steps (gradient_accumulation=16)
Starting training : 1450 / 9376
step  1455 | loss 5.8941e-01 | 166.4s
step  1460 | loss 9.2055e-01 | 316.0s
step  1465 | loss 6.1916e-01 | 481.6s
step  1470 | loss 7.5677e-01 | 634.3s
step  1475 | loss 8.4874e-01 | 854.2s
step  1475 | val_loss 2.8818e-01
Model saved to /work/formation/tpirtmntll/checkpoints/last_tmp
  → saved last checkpoint to /work/formation/tpirtmntll/checkpoints/last
step  1480 | loss 8.3396e-01 | 1055.9s
step  1485 | loss 6.7405e-01 | 1220.7s
step  1490 | loss 7.9011e-01 | 1440.9s
step  1495 | loss 1.1512e+00 | 1600.1s
step  1500 | loss 2.1240e+00 | 1778.4s
step  1500 | val_loss 2.7754e-01
Model saved to /work/formation/tpirtmntll/checkpoints/last_tmp
  → saved last checkpoint to /work/formation/tpirtmntll/checkpoints/last
Model saved to /work/formation/tpirtmntll/checkpoints/best_tmp
  → new best checkpoint saved to /work/formation/tpirtmntll/checkpoints/best
step  1505 | loss 1.2835e+00 | 1938.1s
step  1510 | loss 1.0729e+00 | 2132.4s
step  1515 | loss 1.6869e+00 | 2293.9s
step  1520 | loss 8.9502e-01 | 2468.3s
step  1525 | loss 1.2827e+00 | 2627.6s
step  1525 | val_loss 2.8121e-01
Model saved to /work/formation/tpirtmntll/checkpoints/last_tmp
  → saved last checkpoint to /work/formation/tpirtmntll/checkpoints/last
step  1530 | loss 1.2475e+00 | 2881.0s
step  1535 | loss 1.8731e+00 | 3036.3s
step  1540 | loss 1.4967e+00 | 3270.9s
step  1545 | loss 1.4677e+00 | 3421.4s
step  1550 | loss 1.4772e+00 | 3635.5s
step  1550 | val_loss 2.7981e-01
Model saved to /work/formation/tpirtmntll/checkpoints/last_tmp
  → saved last checkpoint to /work/formation/tpirtmntll/checkpoints/last
step  1555 | loss 1.0714e+00 | 3901.5s
step  1560 | loss 8.8088e-01 | 4079.0s
step  1565 | loss 1.3193e+00 | 4286.6s
step  1570 | loss 5.2426e-01 | 4401.1s
step  1575 | loss 1.1395e+00 | 4596.4s
step  1575 | val_loss 2.8137e-01
Model saved to /work/formation/tpirtmntll/checkpoints/last_tmp
  → saved last checkpoint to /work/formation/tpirtmntll/checkpoints/last
step  1580 | loss 7.6697e-01 | 4853.7s
step  1585 | loss 1.5549e+00 | 4998.8s
step  1590 | loss 1.2553e+00 | 5161.7s
step  1595 | loss 1.3518e+00 | 5337.1s
step  1600 | loss 3.0931e-01 | 5476.8s
step  1600 | val_loss 2.8027e-01
Model saved to /work/formation/tpirtmntll/checkpoints/last_tmp
  → saved last checkpoint to /work/formation/tpirtmntll/checkpoints/last
step  1605 | loss 8.3408e-01 | 5695.3s
step  1610 | loss 3.9252e-01 | 5935.2s
step  1615 | loss 8.2503e-01 | 6156.8s
step  1620 | loss 9.4631e-01 | 6311.5s
step  1625 | loss 7.5977e-01 | 6480.7s
step  1625 | val_loss 2.8093e-01
Model saved to /work/formation/tpirtmntll/checkpoints/last_tmp
  → saved last checkpoint to /work/formation/tpirtmntll/checkpoints/last
step  1630 | loss 6.5162e-01 | 6668.3s
step  1635 | loss 1.0610e+00 | 6842.5s
step  1640 | loss 1.3457e+00 | 7022.3s
step  1645 | loss 5.2625e-01 | 7250.3s
step  1650 | loss 7.7813e-01 | 7446.1s
step  1650 | val_loss 2.7781e-01
Model saved to /work/formation/tpirtmntll/checkpoints/last_tmp
  → saved last checkpoint to /work/formation/tpirtmntll/checkpoints/last
step  1655 | loss 7.2317e-01 | 7662.2s
step  1660 | loss 1.3718e+00 | 7869.2s
step  1665 | loss 8.5770e-01 | 8060.8s
step  1670 | loss 1.2163e+00 | 8209.7s
step  1675 | loss 1.0025e+00 | 8368.7s
step  1675 | val_loss 2.7819e-01
Model saved to /work/formation/tpirtmntll/checkpoints/last_tmp
  → saved last checkpoint to /work/formation/tpirtmntll/checkpoints/last
step  1680 | loss 9.1550e-01 | 8614.0s
step  1685 | loss 1.0808e+00 | 8769.8s
step  1690 | loss 1.1651e+00 | 8979.4s
step  1695 | loss 2.6583e-01 | 9157.2s
step  1700 | loss 5.7430e-01 | 9386.3s
step  1700 | val_loss 2.8419e-01
Model saved to /work/formation/tpirtmntll/checkpoints/last_tmp
  → saved last checkpoint to /work/formation/tpirtmntll/checkpoints/last
step  1705 | loss 1.1695e+00 | 9579.7s
step  1710 | loss 5.6697e-01 | 9755.3s
step  1715 | loss 7.2062e-01 | 9857.2s
step  1720 | loss 5.6555e-01 | 10001.7s
step  1725 | loss 8.1753e-01 | 10164.1s
step  1725 | val_loss 2.7774e-01
Model saved to /work/formation/tpirtmntll/checkpoints/last_tmp
  → saved last checkpoint to /work/formation/tpirtmntll/checkpoints/last
step  1730 | loss 1.0612e+00 | 10363.7s
step  1735 | loss 6.9476e-01 | 10496.8s
step  1740 | loss 9.7946e-01 | 10718.7s
step  1745 | loss 1.4785e+00 | 10879.4s
step  1750 | loss 1.0560e+00 | 11090.6s
step  1750 | val_loss 2.7893e-01
Model saved to /work/formation/tpirtmntll/checkpoints/last_tmp
  → saved last checkpoint to /work/formation/tpirtmntll/checkpoints/last
step  1755 | loss 4.8324e-01 | 11399.5s
step  1760 | loss 7.8062e-01 | 11613.6s
step  1765 | loss 9.5860e-01 | 11800.0s
step  1770 | loss 6.5928e-01 | 12112.2s
step  1775 | loss 1.0020e+00 | 12362.9s
step  1775 | val_loss 2.7812e-01
Model saved to /work/formation/tpirtmntll/checkpoints/last_tmp
  → saved last checkpoint to /work/formation/tpirtmntll/checkpoints/last
step  1780 | loss 1.1741e+00 | 12489.5s
step  1785 | loss 3.6825e-01 | 12682.3s
step  1790 | loss 1.2811e+00 | 12974.5s
step  1795 | loss 6.4668e-01 | 13178.5s
step  1800 | loss 9.5520e-01 | 13414.1s
step  1800 | val_loss 2.7830e-01
Model saved to /work/formation/tpirtmntll/checkpoints/last_tmp
  → saved last checkpoint to /work/formation/tpirtmntll/checkpoints/last
step  1805 | loss 7.0493e-01 | 13628.5s
step  1810 | loss 9.5652e-01 | 13835.1s
step  1815 | loss 7.7692e-01 | 14008.0s
step  1820 | loss 9.7983e-01 | 14270.2s
step  1825 | loss 1.1556e+00 | 14490.8s
step  1825 | val_loss 2.7908e-01
Model saved to /work/formation/tpirtmntll/checkpoints/last_tmp
  → saved last checkpoint to /work/formation/tpirtmntll/checkpoints/last
step  1830 | loss 4.5848e-01 | 14602.8s
step  1835 | loss 6.9997e-01 | 14884.3s
step  1840 | loss 6.1297e-01 | 15049.6s
step  1845 | loss 9.4438e-01 | 15276.3s
step  1850 | loss 1.2712e+00 | 15495.2s
step  1850 | val_loss 2.7726e-01
Model saved to /work/formation/tpirtmntll/checkpoints/last_tmp
  → saved last checkpoint to /work/formation/tpirtmntll/checkpoints/last
Model saved to /work/formation/tpirtmntll/checkpoints/best_tmp
  → new best checkpoint saved to /work/formation/tpirtmntll/checkpoints/best
step  1855 | loss 7.8009e-01 | 15725.0s
step  1860 | loss 3.6109e-01 | 15916.9s
step  1865 | loss 1.5685e+00 | 16088.3s
step  1870 | loss 5.3140e-01 | 16260.3s
step  1875 | loss 1.0682e+00 | 16423.3s
step  1875 | val_loss 2.8140e-01
Model saved to /work/formation/tpirtmntll/checkpoints/last_tmp
  → saved last checkpoint to /work/formation/tpirtmntll/checkpoints/last
step  1880 | loss 1.5738e+00 | 16603.8s
step  1885 | loss 4.6913e-01 | 16827.0s
step  1890 | loss 1.1133e+00 | 16958.4s
step  1895 | loss 9.0917e-01 | 17117.1s
step  1900 | loss 6.9839e-01 | 17285.0s
step  1900 | val_loss 2.7990e-01
Model saved to /work/formation/tpirtmntll/checkpoints/last_tmp
  → saved last checkpoint to /work/formation/tpirtmntll/checkpoints/last
step  1905 | loss 1.0115e+00 | 17436.4s
step  1910 | loss 7.4436e-01 | 17570.7s
step  1915 | loss 1.0278e+00 | 17737.5s
step  1920 | loss 7.8408e-01 | 17845.8s
step  1925 | loss 1.2464e+00 | 18043.6s
step  1925 | val_loss 2.7795e-01
Model saved to /work/formation/tpirtmntll/checkpoints/last_tmp
  → saved last checkpoint to /work/formation/tpirtmntll/checkpoints/last
step  1930 | loss 9.5211e-01 | 18197.9s
step  1935 | loss 1.3701e+00 | 18379.6s
step  1940 | loss 1.0655e+00 | 18648.2s
step  1945 | loss 1.2374e+00 | 18832.3s
step  1950 | loss 7.3338e-01 | 19024.9s
step  1950 | val_loss 2.7927e-01
Model saved to /work/formation/tpirtmntll/checkpoints/last_tmp
  → saved last checkpoint to /work/formation/tpirtmntll/checkpoints/last
step  1955 | loss 1.0552e+00 | 19231.5s
step  1960 | loss 1.7363e+00 | 19493.4s
step  1965 | loss 1.3460e+00 | 19748.2s
step  1970 | loss 5.9881e-01 | 19886.6s
step  1975 | loss 1.2260e+00 | 20051.8s
step  1975 | val_loss 2.7805e-01
Model saved to /work/formation/tpirtmntll/checkpoints/last_tmp
  → saved last checkpoint to /work/formation/tpirtmntll/checkpoints/last
step  1980 | loss 4.1640e-01 | 20280.2s
step  1985 | loss 6.0387e-01 | 20497.1s
step  1990 | loss 9.6387e-01 | 20739.3s
step  1995 | loss 5.2724e-01 | 20972.8s
step  2000 | loss 5.9710e-01 | 21233.4s
step  2000 | val_loss 2.8461e-01
Model saved to /work/formation/tpirtmntll/checkpoints/last_tmp
  → saved last checkpoint to /work/formation/tpirtmntll/checkpoints/last
step  2005 | loss 1.1502e+00 | 21465.2s
step  2010 | loss 1.0272e+00 | 21642.6s
step  2015 | loss 4.8677e-01 | 21778.2s
step  2020 | loss 7.4484e-01 | 22038.0s
step  2025 | loss 1.3208e+00 | 22301.1s
step  2025 | val_loss 2.7949e-01
Model saved to /work/formation/tpirtmntll/checkpoints/last_tmp
  → saved last checkpoint to /work/formation/tpirtmntll/checkpoints/last
step  2030 | loss 4.6679e-01 | 22492.1s
step  2035 | loss 8.9979e-01 | 22757.5s
step  2040 | loss 1.0681e+00 | 22857.9s
step  2045 | loss 1.1044e+00 | 23048.7s
step  2050 | loss 9.2512e-01 | 23219.2s
step  2050 | val_loss 2.7885e-01
Model saved to /work/formation/tpirtmntll/checkpoints/last_tmp
  → saved last checkpoint to /work/formation/tpirtmntll/checkpoints/last
step  2055 | loss 1.3618e+00 | 23429.2s
step  2060 | loss 1.9460e+00 | 23573.3s
step  2065 | loss 1.0105e+00 | 23841.7s
step  2070 | loss 6.5666e-01 | 23955.3s
step  2075 | loss 7.7533e-01 | 24190.1s
step  2075 | val_loss 2.7739e-01
Model saved to /work/formation/tpirtmntll/checkpoints/last_tmp
  → saved last checkpoint to /work/formation/tpirtmntll/checkpoints/last
step  2080 | loss 1.8457e+00 | 24399.3s
step  2085 | loss 5.4197e-01 | 24529.1s
step  2090 | loss 4.3004e-01 | 24744.7s
step  2095 | loss 5.9568e-01 | 25004.0s
step  2100 | loss 7.4886e-01 | 25159.5s
step  2100 | val_loss 2.8087e-01
Model saved to /work/formation/tpirtmntll/checkpoints/last_tmp
  → saved last checkpoint to /work/formation/tpirtmntll/checkpoints/last
step  2105 | loss 1.3490e+00 | 25340.1s
step  2110 | loss 5.2245e-01 | 25516.9s
step  2115 | loss 1.1785e+00 | 25691.6s
step  2120 | loss 5.4296e-01 | 25884.8s
step  2125 | loss 1.4439e+00 | 26093.5s
step  2125 | val_loss 2.8144e-01
Model saved to /work/formation/tpirtmntll/checkpoints/last_tmp
  → saved last checkpoint to /work/formation/tpirtmntll/checkpoints/last
step  2130 | loss 6.9146e-01 | 26267.5s
step  2135 | loss 6.0030e-01 | 26481.6s
step  2140 | loss 7.4371e-01 | 26683.5s
step  2145 | loss 1.2011e+00 | 26788.8s
step  2150 | loss 4.9244e-01 | 26962.6s
step  2150 | val_loss 2.7837e-01
Model saved to /work/formation/tpirtmntll/checkpoints/last_tmp
  → saved last checkpoint to /work/formation/tpirtmntll/checkpoints/last
step  2155 | loss 8.9685e-01 | 27149.9s
step  2160 | loss 7.2229e-01 | 27349.6s
step  2165 | loss 1.0281e+00 | 27520.0s
step  2170 | loss 7.2024e-01 | 27663.7s
step  2175 | loss 1.0516e+00 | 27886.4s
